Archive member included because of file (symbol)

c:/program files/atmel/atmel toolchain/avr32 gcc/native/3.4.1057/avr32-gnu-toolchain/bin/../lib/gcc/avr32/4.4.7/ucr2\libgcc.a(_avr32_f64_mul.o)
                              src/asf/thirdparty/freertos/demo/common/minimal/flop.o (__avr32_f64_mul)
c:/program files/atmel/atmel toolchain/avr32 gcc/native/3.4.1057/avr32-gnu-toolchain/bin/../lib/gcc/avr32/4.4.7/ucr2\libgcc.a(_avr32_f64_addsub.o)
                              src/asf/thirdparty/freertos/demo/common/minimal/flop.o (__avr32_f64_sub)
c:/program files/atmel/atmel toolchain/avr32 gcc/native/3.4.1057/avr32-gnu-toolchain/bin/../lib/gcc/avr32/4.4.7/ucr2\libgcc.a(_avr32_s32_to_f64.o)
                              src/asf/thirdparty/freertos/demo/common/minimal/flop.o (__avr32_u32_to_f64)
c:/program files/atmel/atmel toolchain/avr32 gcc/native/3.4.1057/avr32-gnu-toolchain/bin/../lib/gcc/avr32/4.4.7/ucr2\libgcc.a(_avr32_f64_cmp_lt.o)
                              src/asf/thirdparty/freertos/demo/common/minimal/flop.o (__avr32_f64_cmp_lt)
c:/program files/atmel/atmel toolchain/avr32 gcc/native/3.4.1057/avr32-gnu-toolchain/bin/../lib/gcc/avr32/4.4.7/ucr2\libgcc.a(_avr32_f64_div.o)
                              src/asf/thirdparty/freertos/demo/common/minimal/flop.o (__avr32_f64_div)
c:/program files/atmel/atmel toolchain/avr32 gcc/native/3.4.1057/avr32-gnu-toolchain/bin/../lib/gcc/avr32/4.4.7/../../../../avr32/lib/ucr2\libc.a(lib_a-malloc.o)
                              src/asf/thirdparty/freertos/source/portable/memmang/heap_3.o (free)
c:/program files/atmel/atmel toolchain/avr32 gcc/native/3.4.1057/avr32-gnu-toolchain/bin/../lib/gcc/avr32/4.4.7/../../../../avr32/lib/ucr2\libc.a(lib_a-mallocr.o)
                              c:/program files/atmel/atmel toolchain/avr32 gcc/native/3.4.1057/avr32-gnu-toolchain/bin/../lib/gcc/avr32/4.4.7/../../../../avr32/lib/ucr2\libc.a(lib_a-malloc.o) (_malloc_r)
c:/program files/atmel/atmel toolchain/avr32 gcc/native/3.4.1057/avr32-gnu-toolchain/bin/../lib/gcc/avr32/4.4.7/../../../../avr32/lib/ucr2\libc.a(lib_a-memcpy.o)
                              src/asf/common/services/usb/class/cdc/device/udi_cdc.o (memcpy)
c:/program files/atmel/atmel toolchain/avr32 gcc/native/3.4.1057/avr32-gnu-toolchain/bin/../lib/gcc/avr32/4.4.7/../../../../avr32/lib/ucr2\libc.a(lib_a-memset.o)
                              src/asf/thirdparty/freertos/source/tasks.o (memset)
c:/program files/atmel/atmel toolchain/avr32 gcc/native/3.4.1057/avr32-gnu-toolchain/bin/../lib/gcc/avr32/4.4.7/../../../../avr32/lib/ucr2\libc.a(lib_a-realloc.o)
                              src/asf/thirdparty/freertos/source/portable/gcc/avr32_uc3/port.o (realloc)
c:/program files/atmel/atmel toolchain/avr32 gcc/native/3.4.1057/avr32-gnu-toolchain/bin/../lib/gcc/avr32/4.4.7/../../../../avr32/lib/ucr2\libc.a(lib_a-reallocr.o)
                              c:/program files/atmel/atmel toolchain/avr32 gcc/native/3.4.1057/avr32-gnu-toolchain/bin/../lib/gcc/avr32/4.4.7/../../../../avr32/lib/ucr2\libc.a(lib_a-realloc.o) (_realloc_r)
c:/program files/atmel/atmel toolchain/avr32 gcc/native/3.4.1057/avr32-gnu-toolchain/bin/../lib/gcc/avr32/4.4.7/../../../../avr32/lib/ucr2\libc.a(lib_a-sbrkr.o)
                              c:/program files/atmel/atmel toolchain/avr32 gcc/native/3.4.1057/avr32-gnu-toolchain/bin/../lib/gcc/avr32/4.4.7/../../../../avr32/lib/ucr2\libc.a(lib_a-mallocr.o) (_sbrk_r)
c:/program files/atmel/atmel toolchain/avr32 gcc/native/3.4.1057/avr32-gnu-toolchain/bin/../lib/gcc/avr32/4.4.7/../../../../avr32/lib/ucr2\libc.a(lib_a-strncpy.o)
                              src/asf/thirdparty/freertos/source/tasks.o (strncpy)
c:/program files/atmel/atmel toolchain/avr32 gcc/native/3.4.1057/avr32-gnu-toolchain/bin/../lib/gcc/avr32/4.4.7/../../../../avr32/lib/ucr2\libc.a(lib_a-syscalls.o)
                              c:/program files/atmel/atmel toolchain/avr32 gcc/native/3.4.1057/avr32-gnu-toolchain/bin/../lib/gcc/avr32/4.4.7/../../../../avr32/lib/ucr2\libc.a(lib_a-sbrkr.o) (_sbrk)
c:/program files/atmel/atmel toolchain/avr32 gcc/native/3.4.1057/avr32-gnu-toolchain/bin/../lib/gcc/avr32/4.4.7/../../../../avr32/lib/ucr2\libc.a(lib_a-errno.o)
                              c:/program files/atmel/atmel toolchain/avr32 gcc/native/3.4.1057/avr32-gnu-toolchain/bin/../lib/gcc/avr32/4.4.7/../../../../avr32/lib/ucr2\libc.a(lib_a-syscalls.o) (__errno)
c:/program files/atmel/atmel toolchain/avr32 gcc/native/3.4.1057/avr32-gnu-toolchain/bin/../lib/gcc/avr32/4.4.7/../../../../avr32/lib/ucr2\libc.a(lib_a-freer.o)
                              c:/program files/atmel/atmel toolchain/avr32 gcc/native/3.4.1057/avr32-gnu-toolchain/bin/../lib/gcc/avr32/4.4.7/../../../../avr32/lib/ucr2\libc.a(lib_a-malloc.o) (_free_r)
c:/program files/atmel/atmel toolchain/avr32 gcc/native/3.4.1057/avr32-gnu-toolchain/bin/../lib/gcc/avr32/4.4.7/../../../../avr32/lib/ucr2\libc.a(lib_a-impure.o)
[...]
Memory Configuration

Name             Origin             Length             Attributes
FLASH            0x80000000         0x00040000         axrl !w
INTRAM           0x00000004         0x0000fffc         axw !rl
HRAM0            0xff000000         0x00008000         axw !rl
HRAM1            0xff008000         0x00008000         axw !rl
USERPAGE         0x80800000         0x00000200
*default*        0x00000000         0xffffffff

Linker script and memory map

                0x00001000                _stack_size = 0x1000
LOAD src/asf/avr32/boards/uc3_a3_xplained/init.o
LOAD src/asf/avr32/boards/uc3_a3_xplained/led.o
LOAD src/asf/avr32/drivers/flashc/flashc.o
LOAD src/asf/avr32/drivers/gpio/gpio.o
LOAD src/asf/avr32/drivers/intc/exception.o
LOAD src/asf/avr32/drivers/intc/intc.o
LOAD src/asf/avr32/drivers/pm/pm.o
LOAD src/asf/avr32/drivers/pm/pm_conf_clocks.o
LOAD src/asf/avr32/drivers/pm/power_clocks_lib.o
LOAD src/asf/avr32/drivers/tc/tc.o
LOAD src/asf/avr32/drivers/usart/usart.o
LOAD src/asf/avr32/drivers/usbb/usbb_device.o
LOAD src/asf/avr32/utils/startup/startup_uc3.o
LOAD src/asf/avr32/utils/startup/trampoline_uc3.o
LOAD src/asf/common/services/clock/uc3a3_a4/sysclk.o
LOAD src/asf/common/services/sleepmgr/uc3/sleepmgr.o
LOAD src/asf/common/services/usb/class/cdc/device/udi_cdc.o
LOAD src/asf/common/services/usb/class/cdc/device/udi_cdc_desc.o
LOAD src/asf/common/services/usb/udc/udc.o
LOAD src/asf/common/utils/stdio/read.o
LOAD src/asf/common/utils/stdio/stdio_usb/stdio_usb.o
LOAD src/asf/common/utils/stdio/write.o
LOAD src/asf/thirdparty/freertos/demo/common/minimal/AltBlckQ.o
LOAD src/asf/thirdparty/freertos/demo/common/minimal/AltBlock.o
LOAD src/asf/thirdparty/freertos/demo/common/minimal/AltPollQ.o
LOAD src/asf/thirdparty/freertos/demo/common/minimal/AltQTest.o
LOAD src/asf/thirdparty/freertos/demo/common/minimal/BlockQ.o
LOAD src/asf/thirdparty/freertos/demo/common/minimal/GenQTest.o
LOAD src/asf/thirdparty/freertos/demo/common/minimal/PollQ.o
LOAD src/asf/thirdparty/freertos/demo/common/minimal/QPeek.o
LOAD src/asf/thirdparty/freertos/demo/common/minimal/blocktim.o
LOAD src/asf/thirdparty/freertos/demo/common/minimal/comtest.o
LOAD src/asf/thirdparty/freertos/demo/common/minimal/countsem.o
LOAD src/asf/thirdparty/freertos/demo/common/minimal/crflash.o
LOAD src/asf/thirdparty/freertos/demo/common/minimal/crhook.o
LOAD src/asf/thirdparty/freertos/demo/common/minimal/death.o
LOAD src/asf/thirdparty/freertos/demo/common/minimal/dynamic.o
LOAD src/asf/thirdparty/freertos/demo/common/minimal/flash.o
LOAD src/asf/thirdparty/freertos/demo/common/minimal/flop.o
LOAD src/asf/thirdparty/freertos/demo/common/minimal/integer.o
LOAD src/asf/thirdparty/freertos/demo/common/minimal/recmutex.o
LOAD src/asf/thirdparty/freertos/demo/common/minimal/semtest.o
LOAD src/asf/thirdparty/freertos/source/croutine.o
LOAD src/asf/thirdparty/freertos/source/list.o
LOAD src/asf/thirdparty/freertos/source/portable/gcc/avr32_uc3/exception.o
LOAD src/asf/thirdparty/freertos/source/portable/gcc/avr32_uc3/port.o
LOAD src/asf/thirdparty/freertos/source/portable/gcc/avr32_uc3/read.o
LOAD src/asf/thirdparty/freertos/source/portable/gcc/avr32_uc3/write.o
LOAD src/asf/thirdparty/freertos/source/portable/memmang/heap_3.o
LOAD src/asf/thirdparty/freertos/source/queue.o
LOAD src/asf/thirdparty/freertos/source/tasks.o
LOAD src/asf/thirdparty/freertos/source/timers.o
LOAD src/main.o
START GROUP
LOAD c:/program files/atmel/atmel toolchain/avr32 gcc/native/3.4.1057/avr32-gnu-toolchain/bin/../lib/gcc/avr32/4.4.7/../../../../avr32/lib/ucr2\libm.a
END GROUP
LOAD c:/program files/atmel/atmel toolchain/avr32 gcc/native/3.4.1057/avr32-gnu-toolchain/bin/../lib/gcc/avr32/4.4.7/ucr2\libgcc.a
LOAD c:/program files/atmel/atmel toolchain/avr32 gcc/native/3.4.1057/avr32-gnu-toolchain/bin/../lib/gcc/avr32/4.4.7/../../../../avr32/lib/ucr2\libc.a
LOAD c:/program files/atmel/atmel toolchain/avr32 gcc/native/3.4.1057/avr32-gnu-toolchain/bin/../lib/gcc/avr32/4.4.7/ucr2\libgcc.a
                0xffffffff                __max_heap_size__ = 0xffffffff
                [0xffffffff]                __heap_size__ = DEFINED (__heap_size__)?__heap_size__:__max_heap_size__
                [0x00001000]                __stack_size__ = DEFINED (__stack_size__)?__stack_size__:0x1000
                0x80000000                PROVIDE (__executable_start, 0x80000000)
                0x80000000                . = 0x80000000

.interp
 *(.interp)

.reset          0x80000000     0x2010
 *(.reset)
 .reset         0x80000000        0x8 src/asf/avr32/utils/startup/startup_uc3.o
                0x80000000                _start
 .reset         0x80000008     0x2008 src/asf/avr32/utils/startup/trampoline_uc3.o
                0x80000008                _trampoline

.hash
 *(.hash)

.dynsym
 *(.dynsym)

.dynstr
 *(.dynstr)

.gnu.version
 *(.gnu.version)

.gnu.version_d
 *(.gnu.version_d)

.gnu.version_r
 *(.gnu.version_r)

.rel.init
 *(.rel.init)

.rela.init
 *(.rela.init)

.rel.text
 *(.rel.text .rel.text.* .rel.gnu.linkonce.t.*)

.rela.text
 *(.rela.text .rela.text.* .rela.gnu.linkonce.t.*)

.rel.fini
 *(.rel.fini)

.rela.fini
 *(.rela.fini)

.rel.rodata
 *(.rel.rodata .rel.rodata.* .rel.gnu.linkonce.r.*)

.rela.rodata
 *(.rela.rodata .rela.rodata.* .rela.gnu.linkonce.r.*)

.rel.data.rel.ro
 *(.rel.data.rel.ro*)

.rela.data.rel.ro
 *(.rel.data.rel.ro*)

.rel.data
 *(.rel.data .rel.data.* .rel.gnu.linkonce.d.*)

.rela.data
 *(.rela.data .rela.data.* .rela.gnu.linkonce.d.*)

.rel.tdata
 *(.rel.tdata .rel.tdata.* .rel.gnu.linkonce.td.*)

.rela.tdata
 *(.rela.tdata .rela.tdata.* .rela.gnu.linkonce.td.*)

.rel.tbss
 *(.rel.tbss .rel.tbss.* .rel.gnu.linkonce.tb.*)

.rela.tbss
 *(.rela.tbss .rela.tbss.* .rela.gnu.linkonce.tb.*)

.rel.ctors
 *(.rel.ctors)

.rela.ctors
 *(.rela.ctors)

.rel.dtors
 *(.rel.dtors)

.rela.dtors
 *(.rela.dtors)

.rel.got
 *(.rel.got)

.rela.got       0x80002010        0x0
 *(.rela.got)
 .rela.got      0x80002010        0x0 src/asf/avr32/drivers/flashc/flashc.o

.rel.bss
 *(.rel.bss .rel.bss.* .rel.gnu.linkonce.b.*)

.rela.bss
 *(.rela.bss .rela.bss.* .rela.gnu.linkonce.b.*)

.rel.plt
 *(.rel.plt)

.rela.plt
 *(.rela.plt)

.init
 *(.init)

.plt
 *(.plt)

.text           0x80002010      0x240
 *(.text .stub .text.* .gnu.linkonce.t.*)
 .text.board_init
                0x80002010       0x70 src/asf/avr32/boards/uc3_a3_xplained/init.o
                0x80002010                board_init
 .text.gpio_enable_module_pin
                0x80002080       0x52 src/asf/avr32/drivers/gpio/gpio.o
                0x80002080                gpio_enable_module_pin
 *fill*         0x800020d2        0x2 d703d703
 .text.gpio_enable_module
                0x800020d4       0x30 src/asf/avr32/drivers/gpio/gpio.o
                0x800020d4                gpio_enable_module
 .text.gpio_configure_pin
                0x80002104       0xb8 src/asf/avr32/drivers/gpio/gpio.o
                0x80002104                gpio_configure_pin
 .text._get_interrupt_handler
                0x800021bc       0x38 src/asf/avr32/drivers/intc/intc.o
                0x800021bc                _get_interrupt_handler
 .text._stext   0x800021f4       0x50 src/asf/avr32/utils/startup/startup_uc3.o
                0x800021f4                _stext
 .text.main     0x80002244        0xc src/main.o
                0x80002244                main
 *(.text.*personality*)
 *(.gnu.warning)

.exception      0x80002400      0x200
 .exception     0x80002400      0x200 src/asf/avr32/drivers/intc/exception.o
                0x80002400                _evba
                0x80002504                _int0
                0x80002512                _int1
                0x80002520                _int2
                0x8000252e                _int3

.fini
 *(.fini)
                0x80002600                PROVIDE (__etext, .)
                0x80002600                PROVIDE (_etext, .)
                0x80002600                PROVIDE (etext, .)

.rodata         0x80002600      0x130
 *(.rodata .rodata.* .gnu.linkonce.r.*)
 .rodata.COMPORT_GPIO_MAP.12984
                0x80002600       0x10 src/asf/avr32/boards/uc3_a3_xplained/init.o
 .rodata.AT45DBX_SPI_GPIO_MAP.12985
                0x80002610       0x20 src/asf/avr32/boards/uc3_a3_xplained/init.o
 .rodata.C.44.12986
                0x80002630       0x10 src/asf/avr32/boards/uc3_a3_xplained/init.o
 .rodata._int_handler_table
                0x80002640       0xf0 src/asf/avr32/drivers/intc/intc.o

.rodata1
 *(.rodata1)

.eh_frame_hdr
 *(.eh_frame_hdr)

.eh_frame
 *(.eh_frame)

.gcc_except_table
 *(.gcc_except_table)
 *(.gcc_except_table.*)

.lalign         0x80002730        0x0
                0x80002730                . = ALIGN (0x8)
                0x80002730                PROVIDE (_data_lma, .)
                0x00000004                . = ORIGIN (INTRAM)

.dalign         0x00000004        0x4
                0x00000008                . = ALIGN (0x8)
 *fill*         0x00000004        0x4 
                0x00000008                PROVIDE (_data, .)

.eh_frame
 *(.eh_frame)

.gcc_except_table
 *(.gcc_except_table)
 *(.gcc_except_table.*)

.tdata
 *(.tdata .tdata.* .gnu.linkonce.td.*)

.tbss
 *(.tbss .tbss.* .gnu.linkonce.tb.*)
 *(.tcommon)
                0x00000008                PROVIDE (__preinit_array_start, ALIGN (0x4))

.preinit_array
 *(.preinit_array)
                0x00000008                PROVIDE (__preinit_array_end, .)
                0x00000008                PROVIDE (__init_array_start, .)

.init_array
 *(.init_array)
                0x00000008                PROVIDE (__init_array_end, .)
                0x00000008                PROVIDE (__fini_array_start, .)

.fini_array
 *(.fini_array)
                0x00000008                PROVIDE (__fini_array_end, .)

.ctors
 *crtbegin*.o(.ctors)
 *(EXCLUDE_FILE(*crtend*.o) .ctors)
 *(SORT(.ctors.*))
 *(.ctors)

.dtors
 *crtbegin*.o(.dtors)
 *(EXCLUDE_FILE(*crtend*.o) .dtors)
 *(SORT(.dtors.*))
 *(.dtors)

.jcr
 *(.jcr)

.data.rel.ro
 *(.data.rel.ro.local)
 *(.data.rel.ro*)

.dynamic
 *(.dynamic)

.got
 *(.got.plt)
 *(.got)

.ramtext
 *(.ramtext .ramtext.*)

.ddalign        0x00000008        0x0 load address 0x80002730
                0x00000008                . = ALIGN (0x8)

.data
 *(.data .data.* .gnu.linkonce.d.*)
 *(.gnu.linkonce.d.*personality*)

.data1
 *(.data1)

.balign         0x00000008        0x0 load address 0x80002730
                0x00000008                . = ALIGN (0x8)
                0x00000008                PROVIDE (_edata, .)
                0x00000008                PROVIDE (edata, .)
                0x00000008                __bss_start = .

.bss            0x00000008      0x110
 *(.dynbss)
 *(.bss .bss.* .gnu.linkonce.b.*)
 .bss._int_line_handler_table_0
                0x00000008        0x4 src/asf/avr32/drivers/intc/intc.o
 .bss._int_line_handler_table_1
                0x0000000c       0x28 src/asf/avr32/drivers/intc/intc.o
 .bss._int_line_handler_table_2
                0x00000034       0x38 src/asf/avr32/drivers/intc/intc.o
 .bss._int_line_handler_table_21
                0x0000006c        0x4 src/asf/avr32/drivers/intc/intc.o
 .bss._int_line_handler_table_22
                0x00000070       0x14 src/asf/avr32/drivers/intc/intc.o
 .bss._int_line_handler_table_23
                0x00000084        0x4 src/asf/avr32/drivers/intc/intc.o
 .bss._int_line_handler_table_16
                0x00000088        0xc src/asf/avr32/drivers/intc/intc.o
 .bss._int_line_handler_table_10
                0x00000094        0x4 src/asf/avr32/drivers/intc/intc.o
 .bss._int_line_handler_table_11
                0x00000098        0x4 src/asf/avr32/drivers/intc/intc.o
 .bss._int_line_handler_table_12
                0x0000009c        0x4 src/asf/avr32/drivers/intc/intc.o
 .bss._int_line_handler_table_13
                0x000000a0        0x4 src/asf/avr32/drivers/intc/intc.o
 .bss._int_line_handler_table_14
                0x000000a4        0xc src/asf/avr32/drivers/intc/intc.o
 .bss._int_line_handler_table_15
                0x000000b0        0x4 src/asf/avr32/drivers/intc/intc.o
 .bss._int_line_handler_table_20
                0x000000b4        0x4 src/asf/avr32/drivers/intc/intc.o
 .bss._int_line_handler_table_17
                0x000000b8        0x4 src/asf/avr32/drivers/intc/intc.o
 .bss._int_line_handler_table_18
                0x000000bc        0x4 src/asf/avr32/drivers/intc/intc.o
 .bss._int_line_handler_table_19
                0x000000c0        0x4 src/asf/avr32/drivers/intc/intc.o
 .bss._int_line_handler_table_3
                0x000000c4       0x20 src/asf/avr32/drivers/intc/intc.o
 .bss._int_line_handler_table_4
                0x000000e4        0x4 src/asf/avr32/drivers/intc/intc.o
 .bss._int_line_handler_table_5
                0x000000e8        0x4 src/asf/avr32/drivers/intc/intc.o
 .bss._int_line_handler_table_6
                0x000000ec        0x4 src/asf/avr32/drivers/intc/intc.o
 .bss._int_line_handler_table_7
                0x000000f0        0x4 src/asf/avr32/drivers/intc/intc.o
 .bss._int_line_handler_table_8
                0x000000f4        0x4 src/asf/avr32/drivers/intc/intc.o
 .bss._int_line_handler_table_9
                0x000000f8        0x4 src/asf/avr32/drivers/intc/intc.o
 .bss._int_line_handler_table_24
                0x000000fc        0x4 src/asf/avr32/drivers/intc/intc.o
 .bss._int_line_handler_table_26
                0x00000100        0x4 src/asf/avr32/drivers/intc/intc.o
 .bss._int_line_handler_table_25
                0x00000104        0x4 src/asf/avr32/drivers/intc/intc.o
 .bss._int_line_handler_table_27
                0x00000108        0x4 src/asf/avr32/drivers/intc/intc.o
 .bss._int_line_handler_table_28
                0x0000010c        0x4 src/asf/avr32/drivers/intc/intc.o
 .bss._int_line_handler_table_29
                0x00000110        0x4 src/asf/avr32/drivers/intc/intc.o
 *(COMMON)
                0x00000118                . = ALIGN (0x8)
 *fill*         0x00000114        0x4 
                0x00000118                . = ALIGN (0x8)
                0x00000118                _end = .
                0x00000118                PROVIDE (end, .)
                0x00000118                __heap_start__ = ALIGN (0x8)

.heap           0x00000118     0xeee8
 *(.heap)
                0x0000eee8                . = (__heap_size__ == __max_heap_size__)?(((ORIGIN (INTRAM) + 0xfffc) - __stack_size__) - ABSOLUTE (.)):__heap_size__
 *fill*         0x00000118     0xeee8 
                0x0000f000                __heap_end__ = .

.stab
 *(.stab)

.stabstr
 *(.stabstr)

.stab.excl
 *(.stab.excl)

.stab.exclstr
 *(.stab.exclstr)

.stab.index
 *(.stab.index)

.stab.indexstr
 *(.stab.indexstr)

.comment        0x00000000       0x30
 *(.comment)
 .comment       0x00000000       0x30 src/asf/avr32/boards/uc3_a3_xplained/init.o
                                 0x31 (size before relaxing)
 .comment       0x00000000       0x31 src/asf/avr32/drivers/gpio/gpio.o
 .comment       0x00000000       0x31 src/asf/avr32/drivers/intc/intc.o
 .comment       0x00000000       0x31 src/main.o

.debug
 *(.debug)

.line
 *(.line)

.debug_srcinfo
 *(.debug_srcinfo)

.debug_sfnames
 *(.debug_sfnames)

.debug_aranges  0x00000000      0x1e0
 *(.debug_aranges)
 .debug_aranges
                0x00000000       0x20 src/asf/avr32/boards/uc3_a3_xplained/init.o
 .debug_aranges
                0x00000020      0x100 src/asf/avr32/drivers/gpio/gpio.o
 .debug_aranges
                0x00000120       0x20 src/asf/avr32/drivers/intc/exception.o
 .debug_aranges
                0x00000140       0x38 src/asf/avr32/drivers/intc/intc.o
 .debug_aranges
                0x00000178       0x28 src/asf/avr32/utils/startup/startup_uc3.o
 .debug_aranges
                0x000001a0       0x20 src/asf/avr32/utils/startup/trampoline_uc3.o
 .debug_aranges
                0x000001c0       0x20 src/main.o

.debug_pubnames
                0x00000000      0x3ce
 *(.debug_pubnames)
 .debug_pubnames
                0x00000000       0x21 src/asf/avr32/boards/uc3_a3_xplained/init.o
 .debug_pubnames
                0x00000021      0x330 src/asf/avr32/drivers/gpio/gpio.o
 .debug_pubnames
                0x00000351       0x62 src/asf/avr32/drivers/intc/intc.o
 .debug_pubnames
                0x000003b3       0x1b src/main.o

.debug_info     0x00000000     0x153c
 *(.debug_info .gnu.linkonce.wi.*)
 .debug_info    0x00000000      0x13c src/asf/avr32/boards/uc3_a3_xplained/init.o
 .debug_info    0x0000013c      0xb1b src/asf/avr32/drivers/gpio/gpio.o
 .debug_info    0x00000c57       0x87 src/asf/avr32/drivers/intc/exception.o
 .debug_info    0x00000cde      0x69f src/asf/avr32/drivers/intc/intc.o
 .debug_info    0x0000137d       0x86 src/asf/avr32/utils/startup/startup_uc3.o
 .debug_info    0x00001403       0x8d src/asf/avr32/utils/startup/trampoline_uc3.o
 .debug_info    0x00001490       0xac src/main.o

.debug_abbrev   0x00000000      0x5b3
 *(.debug_abbrev)
 .debug_abbrev  0x00000000       0xae src/asf/avr32/boards/uc3_a3_xplained/init.o
 .debug_abbrev  0x000000ae      0x28b src/asf/avr32/drivers/gpio/gpio.o
 .debug_abbrev  0x00000339       0x14 src/asf/avr32/drivers/intc/exception.o
 .debug_abbrev  0x0000034d      0x1f2 src/asf/avr32/drivers/intc/intc.o
 .debug_abbrev  0x0000053f       0x12 src/asf/avr32/utils/startup/startup_uc3.o
 .debug_abbrev  0x00000551       0x14 src/asf/avr32/utils/startup/trampoline_uc3.o
 .debug_abbrev  0x00000565       0x4e src/main.o

.debug_line     0x00000000     0x21b7
 *(.debug_line)
 .debug_line    0x00000000      0x778 src/asf/avr32/boards/uc3_a3_xplained/init.o
 .debug_line    0x00000778      0x94d src/asf/avr32/drivers/gpio/gpio.o
 .debug_line    0x000010c5      0x109 src/asf/avr32/drivers/intc/exception.o
 .debug_line    0x000011ce      0x71a src/asf/avr32/drivers/intc/intc.o
 .debug_line    0x000018e8       0xf2 src/asf/avr32/utils/startup/startup_uc3.o
 .debug_line    0x000019da       0x67 src/asf/avr32/utils/startup/trampoline_uc3.o
 .debug_line    0x00001a41      0x776 src/main.o

.debug_frame    0x00000000      0x2bc
 *(.debug_frame)
 .debug_frame   0x00000000       0x2c src/asf/avr32/boards/uc3_a3_xplained/init.o
 .debug_frame   0x0000002c      0x204 src/asf/avr32/drivers/gpio/gpio.o
 .debug_frame   0x00000230       0x64 src/asf/avr32/drivers/intc/intc.o
 .debug_frame   0x00000294       0x28 src/main.o

.debug_str      0x00000000      0x9f6
 *(.debug_str)
 .debug_str     0x00000000      0x123 src/asf/avr32/boards/uc3_a3_xplained/init.o
                                0x15c (size before relaxing)
 .debug_str     0x00000123      0x42f src/asf/avr32/drivers/gpio/gpio.o
                                0x523 (size before relaxing)
 .debug_str     0x00000552      0x491 src/asf/avr32/drivers/intc/intc.o
                                0x585 (size before relaxing)
 .debug_str     0x000009e3       0x13 src/main.o
                                 0xf0 (size before relaxing)

.debug_loc      0x00000000      0x485
 *(.debug_loc)
 .debug_loc     0x00000000       0x2b src/asf/avr32/boards/uc3_a3_xplained/init.o
 .debug_loc     0x0000002b      0x368 src/asf/avr32/drivers/gpio/gpio.o
 .debug_loc     0x00000393       0xd3 src/asf/avr32/drivers/intc/intc.o
 .debug_loc     0x00000466       0x1f src/main.o

.debug_macinfo  0x00000000   0x451ec8
 *(.debug_macinfo)
 .debug_macinfo
                0x00000000   0x114f68 src/asf/avr32/boards/uc3_a3_xplained/init.o
 .debug_macinfo
                0x00114f68   0x114005 src/asf/avr32/drivers/gpio/gpio.o
 .debug_macinfo
                0x00228f6d   0x1140b2 src/asf/avr32/drivers/intc/intc.o
 .debug_macinfo
                0x0033d01f   0x114ea9 src/main.o

.debug_weaknames
 *(.debug_weaknames)

.debug_funcnames
 *(.debug_funcnames)

.debug_typenames
 *(.debug_typenames)

.debug_varnames
 *(.debug_varnames)

.stack          0x0000f000     0x1000
                0x0000f000                _stack = .
 *(.stack)
                0x00001000                . = __stack_size__
 *fill*         0x0000f000     0x1000 
                0x00010000                _estack = .
                0xff000000                . = ORIGIN (HRAM0)

.data_hram0     0xff000000        0x0 load address 0x80002730
                0xff000000                PROVIDE (_data_hram0, .)
 *(.data_hram0)
                0xff000000                . = ALIGN (0x8)
                0xff000000                PROVIDE (_edata_hram0, .)
                0x80002730                PROVIDE (_data_hram0_lma, ABSOLUTE (LOADADDR (.data_hram0)))
                0xff000000                . = ALIGN (0x8)

.bss_hram0      0xff000000        0x0
                0xff000000                PROVIDE (__bss_hram0_start, .)
 *(.bss_hram0)
                0xff000000                PROVIDE (_bss_hram0_end, .)
                0xff008000                . = ORIGIN (HRAM1)

.data_hram1     0xff008000        0x0 load address 0x80002730
                0xff008000                PROVIDE (_data_hram1, .)
 *(.data_hram1)
                0xff008000                . = ALIGN (0x8)
                0xff008000                PROVIDE (_edata_hram1, .)
                0x80002730                PROVIDE (_data_hram1_lma, ABSOLUTE (LOADADDR (.data_hram1)))
                0xff008000                . = ALIGN (0x8)

.bss_hram1      0xff008000        0x0
                0xff008000                PROVIDE (__bss_hram1_start, .)
 *(.bss_hram1)
                0xff008000                PROVIDE (_bss_hram1_end, .)

.userpage
 *(.userpage .userpage.*)

/DISCARD/
 *(.note.GNU-stack)
OUTPUT(AVR32 FreeRTOS Template.elf elf32-avr32)

.debug_ranges   0x00000000      0x190
 .debug_ranges  0x00000000       0x18 src/asf/avr32/boards/uc3_a3_xplained/init.o
 .debug_ranges  0x00000018       0xf8 src/asf/avr32/drivers/gpio/gpio.o
 .debug_ranges  0x00000110       0x48 src/asf/avr32/drivers/intc/intc.o
 .debug_ranges  0x00000158       0x20 src/asf/avr32/utils/startup/startup_uc3.o
 .debug_ranges  0x00000178       0x18 src/main.o
